module Test.ConstructorsUnused where

import Data.Bool ( not)

foo = not
